
  .   ____          _            __ _ _
 /\\ / ___'_ __ _ _(_)_ __  __ _ \ \ \ \
( ( )\___ | '_ | '_| | '_ \/ _` | \ \ \ \
 \\/  ___)| |_)| | | | | || (_| |  ) ) ) )
  '  |____| .__|_| |_|_| |_\__, | / / / /
 =========|_|==============|___/=/_/_/_/

 :: Spring Boot ::                (v3.4.0)

2026-05-22T17:19:22.502+08:00  INFO 22472 --- [           main] o.e.memoryone.MemoryOneApplication       : Starting MemoryOneApplication using Java 21.0.10 with PID 22472 (C:\codebase\world-one\memory-one-1.0-SNAPSHOT.jar started by h00931709-Blue in C:\codebase\world-one)
2026-05-22T17:19:22.507+08:00  INFO 22472 --- [           main] o.e.memoryone.MemoryOneApplication       : No active profile set, falling back to 1 default profile: "default"
2026-05-22T17:19:23.045+08:00  INFO 22472 --- [           main] .s.d.r.c.RepositoryConfigurationDelegate : Bootstrapping Spring Data JPA repositories in DEFAULT mode.
2026-05-22T17:19:23.103+08:00  INFO 22472 --- [           main] .s.d.r.c.RepositoryConfigurationDelegate : Finished Spring Data repository scanning in 49 ms. Found 1 JPA repository interface.
2026-05-22T17:19:23.551+08:00  INFO 22472 --- [           main] o.s.b.w.embedded.tomcat.TomcatWebServer  : Tomcat initialized with port 8091 (http)
2026-05-22T17:19:23.564+08:00  INFO 22472 --- [           main] o.apache.catalina.core.StandardService   : Starting service [Tomcat]
2026-05-22T17:19:23.564+08:00  INFO 22472 --- [           main] o.apache.catalina.core.StandardEngine    : Starting Servlet engine: [Apache Tomcat/10.1.33]
2026-05-22T17:19:23.598+08:00  INFO 22472 --- [           main] o.a.c.c.C.[Tomcat].[localhost].[/]       : Initializing Spring embedded WebApplicationContext
2026-05-22T17:19:23.598+08:00  INFO 22472 --- [           main] w.s.c.ServletWebServerApplicationContext : Root WebApplicationContext: initialization completed in 1049 ms
2026-05-22T17:19:23.756+08:00  INFO 22472 --- [           main] o.hibernate.jpa.internal.util.LogHelper  : HHH000204: Processing PersistenceUnitInfo [name: default]
2026-05-22T17:19:23.837+08:00  INFO 22472 --- [           main] org.hibernate.Version                    : HHH000412: Hibernate ORM core version 6.6.2.Final
2026-05-22T17:19:23.893+08:00  INFO 22472 --- [           main] o.h.c.internal.RegionFactoryInitiator    : HHH000026: Second-level cache disabled
2026-05-22T17:19:24.185+08:00  INFO 22472 --- [           main] o.s.o.j.p.SpringPersistenceUnitInfo      : No LoadTimeWeaver setup: ignoring JPA class transformer
2026-05-22T17:19:24.209+08:00  INFO 22472 --- [           main] com.zaxxer.hikari.HikariDataSource       : HikariPool-1 - Starting...
2026-05-22T17:19:24.349+08:00  INFO 22472 --- [           main] com.zaxxer.hikari.pool.HikariPool        : HikariPool-1 - Added connection org.postgresql.jdbc.PgConnection@4e7bc939
2026-05-22T17:19:24.350+08:00  INFO 22472 --- [           main] com.zaxxer.hikari.HikariDataSource       : HikariPool-1 - Start completed.
2026-05-22T17:19:24.374+08:00  WARN 22472 --- [           main] org.hibernate.orm.deprecation            : HHH90000025: PostgreSQLDialect does not need to be specified explicitly using 'hibernate.dialect' (remove the property setting and it will be selected by default)
2026-05-22T17:19:24.390+08:00  INFO 22472 --- [           main] org.hibernate.orm.connections.pooling    : HHH10001005: Database info:
	Database JDBC URL [Connecting through datasource 'HikariDataSource (HikariPool-1)']
	Database driver: undefined/unknown
	Database version: 16.14
	Autocommit mode: undefined/unknown
	Isolation level: undefined/unknown
	Minimum pool size: undefined/unknown
	Maximum pool size: undefined/unknown
2026-05-22T17:19:25.011+08:00  INFO 22472 --- [           main] o.h.e.t.j.p.i.JtaPlatformInitiator       : HHH000489: No JTA platform available (set 'hibernate.transaction.jta.platform' to enable JTA platform integration)
2026-05-22T17:19:25.065+08:00  INFO 22472 --- [           main] j.LocalContainerEntityManagerFactoryBean : Initialized JPA EntityManagerFactory for persistence unit 'default'
2026-05-22T17:19:25.277+08:00  INFO 22472 --- [           main] o.s.d.j.r.query.QueryEnhancerFactory     : Hibernate is in classpath; If applicable, HQL parser will be used.
2026-05-22T17:19:26.218+08:00  WARN 22472 --- [           main] JpaBaseConfiguration$JpaWebConfiguration : spring.jpa.open-in-view is enabled by default. Therefore, database queries may be performed during view rendering. Explicitly configure spring.jpa.open-in-view to disable this warning
2026-05-22T17:19:26.485+08:00  INFO 22472 --- [           main] o.s.b.w.embedded.tomcat.TomcatWebServer  : Tomcat started on port 8091 (http) with context path '/'
2026-05-22T17:19:26.489+08:00  INFO 22472 --- [           main] o.e.memoryone.MemoryOneApplication       : Started MemoryOneApplication in 4.353 seconds (process running for 4.742)
